name:George
package.name:
version:
package.version:
