---
rootContextFiles: ["../member.json"]
contextFiles: ["../package.json", "../data-ts.ts", "../data-js.js"]
partialDirs: ["partials"]
targetExtension: "txt"
---
name:George
package.name:some-module
version:
package.version:1.0.0
member:1
data-ts.color:blue
data-js.color:yellow
