Hello some-module
Hello some-module
Hello some-module
Hello some-module
