name:
package.name:some-module
version:
package.version:1.0.0
member:1
data-ts.color:blue
data-js.color:yellow
